{
    "sarscov2 single-end [fastq]": {
        "content": [
            [
                "[test]_fastqc.html"
            ],
            [
                "[test]_fastqc.html:md5,974f1f8565c4d460464a83c56a9dcda1"
            ],
            [
                "[test]_1_fastqc.zip",
                "[test]_2_fastqc.zip"
            ],
            [
                "[test]_1_fastqc.zip:md5,b14838a8cfd436e61fbf159d7255cc59",
                "[test]_2_fastqc.zip:md5,b14838a8cfd436e61fbf159d7255cc59"
            ]
        ],
        "meta": {
            "nf-test": "0.9.3",
            "nextflow": "25.10.4"
        },
        "timestamp": "2026-02-11T16:11:31.577506948"
    }
}