{
    "vcf.gz - with vcfKeys": {
        "content": [
            {
                "bam": [
                    
                ],
                "output": [
                    [
                        {
                            "id": "test"
                        },
                        [
                            "NA12878_GIAB.chr21_22.vcf.gz:md5Variants,894e7b71e7b443c8e45942a57786ed43",
                            [
                                "NA12878_GIAB.chr21_22.vcf.gz:md5Variants,894e7b71e7b443c8e45942a57786ed43"
                            ],
                            "test.txt:md5,d41d8cd98f00b204e9800998ecf8427e"
                        ]
                    ]
                ],
                "sam": [
                    
                ],
                "vcf": [
                    [
                        {
                            "id": "test"
                        },
                        "NA12878_GIAB.chr21_22.vcf.gz:md5,c6258cbde976ec65ca3de2089bfa08a9"
                    ]
                ]
            }
        ],
        "timestamp": "2026-08-11T19:10:04.190805152",
        "meta": {
            "nf-test": "0.9.5",
            "nextflow": "26.04.6"
        }
    },
    "bam - with bamKeys": {
        "content": [
            {
                "bam": [
                    [
                        {
                            "id": "test"
                        },
                        "test.paired_end.bam:md5,d8037d0ae720c219d5d8cff45988483d"
                    ]
                ],
                "output": [
                    [
                        {
                            "id": "test"
                        },
                        [
                            [
                                "test.paired_end.bam:md5Reads,762e859a3d0ed1553655cde77665c940"
                            ],
                            "test.paired_end.bam:md5Reads,762e859a3d0ed1553655cde77665c940",
                            "test.txt:md5,d41d8cd98f00b204e9800998ecf8427e"
                        ]
                    ]
                ],
                "sam": [
                    
                ],
                "vcf": [
                    
                ]
            }
        ],
        "timestamp": "2026-08-11T19:09:58.602833266",
        "meta": {
            "nf-test": "0.9.5",
            "nextflow": "26.04.6"
        }
    }
}