{
    "bam - with bamKeys": {
        "content": [
            {
                "bam": [
                    [
                        {
                            "id": "test"
                        },
                        "test.paired_end.bam:md5,d8037d0ae720c219d5d8cff45988483d"
                    ]
                ],
                "output": [
                    [
                        {
                            "id": "test"
                        },
                        [
                            [
                                "test.paired_end.bam:md5Reads,762e859a3d0ed1553655cde77665c940"
                            ],
                            "test.paired_end.bam:md5Reads,762e859a3d0ed1553655cde77665c940",
                            "test.txt:md5,d41d8cd98f00b204e9800998ecf8427e"
                        ]
                    ]
                ],
                "sam": [
                    
                ]
            }
        ],
        "timestamp": "2026-08-11T15:03:15.226417831",
        "meta": {
            "nf-test": "0.9.5",
            "nextflow": "26.04.6"
        }
    }
}