{
    "Default sanitize output - with ignorePatterns test1": {
        "content": [
            {
                "folder": [
                    [
                        {
                            "id": "test"
                        },
                        [
                            [
                                "test3.txt:md5,d41d8cd98f00b204e9800998ecf8427e"
                            ],
                            "test2.txt:md5,d41d8cd98f00b204e9800998ecf8427e"
                        ]
                    ]
                ],
                "html": [
                    [
                        {
                            "id": "test"
                        },
                        "test_fastqc.html:md5,24854f9d4c2bc9e908174cabefb1cf07"
                    ]
                ],
                "id": [
                    "test"
                ],
                "zip": [
                    [
                        {
                            "id": "test"
                        },
                        "test_fastqc.zip:md5,b14838a8cfd436e61fbf159d7255cc59"
                    ]
                ],
                "zip_only": [
                    "test_fastqc.zip:md5,b14838a8cfd436e61fbf159d7255cc59"
                ]
            }
        ],
        "timestamp": "2026-08-12T19:40:24.255919763",
        "meta": {
            "nf-test": "0.9.5",
            "nextflow": "26.04.6"
        }
    },
    "Default sanitize output - with unstablePatterns test1": {
        "content": [
            {
                "folder": [
                    [
                        {
                            "id": "test"
                        },
                        [
                            [
                                "test3.txt:md5,d41d8cd98f00b204e9800998ecf8427e"
                            ],
                            "test1.txt",
                            "test2.txt:md5,d41d8cd98f00b204e9800998ecf8427e"
                        ]
                    ]
                ],
                "html": [
                    [
                        {
                            "id": "test"
                        },
                        "test_fastqc.html:md5,24854f9d4c2bc9e908174cabefb1cf07"
                    ]
                ],
                "id": [
                    "test"
                ],
                "zip": [
                    [
                        {
                            "id": "test"
                        },
                        "test_fastqc.zip:md5,b14838a8cfd436e61fbf159d7255cc59"
                    ]
                ],
                "zip_only": [
                    "test_fastqc.zip:md5,b14838a8cfd436e61fbf159d7255cc59"
                ]
            }
        ],
        "timestamp": "2026-08-12T19:30:34.291772351",
        "meta": {
            "nf-test": "0.9.5",
            "nextflow": "26.04.6"
        }
    },
    "Default sanitize output - with unstableKeys": {
        "content": [
            {
                "folder": [
                    [
                        {
                            "id": "test"
                        },
                        [
                            [
                                "test3.txt"
                            ],
                            "test1.txt",
                            "test2.txt"
                        ]
                    ]
                ],
                "html": [
                    [
                        {
                            "id": "test"
                        },
                        "test_fastqc.html:md5,24854f9d4c2bc9e908174cabefb1cf07"
                    ]
                ],
                "id": [
                    "test"
                ],
                "zip": [
                    [
                        {
                            "id": "test"
                        },
                        "test_fastqc.zip"
                    ]
                ],
                "zip_only": [
                    "test_fastqc.zip:md5,b14838a8cfd436e61fbf159d7255cc59"
                ]
            }
        ],
        "timestamp": "2026-08-10T20:34:00.498011401",
        "meta": {
            "nf-test": "0.9.5",
            "nextflow": "26.04.6"
        }
    },
    "Default sanitize output - without unstableKeys": {
        "content": [
            {
                "folder": [
                    [
                        {
                            "id": "test"
                        },
                        [
                            [
                                "test3.txt:md5,d41d8cd98f00b204e9800998ecf8427e"
                            ],
                            "test1.txt:md5,d41d8cd98f00b204e9800998ecf8427e",
                            "test2.txt:md5,d41d8cd98f00b204e9800998ecf8427e"
                        ]
                    ]
                ],
                "html": [
                    [
                        {
                            "id": "test"
                        },
                        "test_fastqc.html:md5,24854f9d4c2bc9e908174cabefb1cf07"
                    ]
                ],
                "id": [
                    "test"
                ],
                "zip": [
                    [
                        {
                            "id": "test"
                        },
                        "test_fastqc.zip:md5,b14838a8cfd436e61fbf159d7255cc59"
                    ]
                ],
                "zip_only": [
                    "test_fastqc.zip:md5,b14838a8cfd436e61fbf159d7255cc59"
                ]
            }
        ],
        "timestamp": "2026-08-10T20:18:28.061852829",
        "meta": {
            "nf-test": "0.9.5",
            "nextflow": "26.04.6"
        }
    },
    "Default sanitize output - with unstablePatterns fastq_1 inside meta": {
        "content": [
            {
                "folder": [
                    [
                        {
                            "fastq": "fastq_1.gz",
                            "id": "test"
                        },
                        [
                            [
                                "test3.txt:md5,d41d8cd98f00b204e9800998ecf8427e"
                            ],
                            "test1.txt:md5,d41d8cd98f00b204e9800998ecf8427e",
                            "test2.txt:md5,d41d8cd98f00b204e9800998ecf8427e"
                        ]
                    ]
                ],
                "html": [
                    [
                        {
                            "fastq": "fastq_1.gz",
                            "id": "test"
                        },
                        "test_fastqc.html:md5,24854f9d4c2bc9e908174cabefb1cf07"
                    ]
                ],
                "id": [
                    "test"
                ],
                "zip": [
                    [
                        {
                            "fastq": "fastq_1.gz",
                            "id": "test"
                        },
                        "test_fastqc.zip:md5,b14838a8cfd436e61fbf159d7255cc59"
                    ]
                ],
                "zip_only": [
                    "test_fastqc.zip:md5,b14838a8cfd436e61fbf159d7255cc59"
                ]
            }
        ],
        "timestamp": "2026-08-13T16:49:30.177916472",
        "meta": {
            "nf-test": "0.9.5",
            "nextflow": "26.04.6"
        }
    },
    "Default sanitize output - with ignoreKeys zip + html": {
        "content": [
            {
                "folder": [
                    [
                        {
                            "id": "test"
                        },
                        [
                            [
                                "test3.txt:md5,d41d8cd98f00b204e9800998ecf8427e"
                            ],
                            "test1.txt:md5,d41d8cd98f00b204e9800998ecf8427e",
                            "test2.txt:md5,d41d8cd98f00b204e9800998ecf8427e"
                        ]
                    ]
                ],
                "id": [
                    "test"
                ],
                "zip_only": [
                    "test_fastqc.zip:md5,b14838a8cfd436e61fbf159d7255cc59"
                ]
            }
        ],
        "timestamp": "2026-08-11T09:54:50.525356716",
        "meta": {
            "nf-test": "0.9.5",
            "nextflow": "26.04.6"
        }
    }
}
