{
    "test curlAndUntar - tar.gz file": {
        "content": [
            "/Users/mm49/workspace/tol-it/nextflow/nf-test/nft-utils/.nf-test/tests/99d04a37d921676abee32e4e8b009a96/dbs/hello.txt"
        ],
        "meta": {
            "nf-test": "0.8.4",
            "nextflow": "24.04.2"
        },
        "timestamp": "2025-12-08T18:15:18.388651"
    },
    "curlAndExtract:ncbi.map": {
        "content": [
            "ncbi.map:md5,de30dbba85f9070612b632e2a5a95952"
        ],
        "meta": {
            "nf-test": "0.8.4",
            "nextflow": "24.04.2"
        },
        "timestamp": "2025-12-08T18:15:31.586426"
    },
    "test curlAndExtract - tar file": {
        "content": [
            "hello.txt:md5,e59ff97941044f85df5297e1c302d260"
        ],
        "meta": {
            "nf-test": "0.8.4",
            "nextflow": "24.04.2"
        },
        "timestamp": "2025-12-08T18:09:58.396939"
    },
    "test curlAndExtract - tar.gz file": {
        "content": [
            "/Users/mm49/workspace/tol-it/nextflow/nf-test/nft-utils/.nf-test/tests/9abafa0eede6518438d02fc7cdfa7d76/dbs/hello.txt"
        ],
        "meta": {
            "nf-test": "0.8.4",
            "nextflow": "24.04.2"
        },
        "timestamp": "2025-12-08T18:15:27.556287"
    },
    "curlAndExtract:ncbi.tre": {
        "content": [
            "ncbi.tre:md5,4029dd2091c685b9a86ddd9d0d870db0"
        ],
        "meta": {
            "nf-test": "0.8.4",
            "nextflow": "24.04.2"
        },
        "timestamp": "2025-12-08T18:15:31.577887"
    },
    "ncbi.tre": {
        "content": [
            "ncbi.tre:md5,4029dd2091c685b9a86ddd9d0d870db0"
        ],
        "meta": {
            "nf-test": "0.8.4",
            "nextflow": "24.04.2"
        },
        "timestamp": "2025-12-08T18:14:00.631636"
    },
    "test curlAndUnzip": {
        "content": [
            "ncbi.tre:md5,4029dd2091c685b9a86ddd9d0d870db0"
        ],
        "meta": {
            "nf-test": "0.8.4",
            "nextflow": "24.04.2"
        },
        "timestamp": "2025-12-08T18:12:17.78509"
    },
    "ncbi.map": {
        "content": [
            "ncbi.map:md5,de30dbba85f9070612b632e2a5a95952"
        ],
        "meta": {
            "nf-test": "0.8.4",
            "nextflow": "24.04.2"
        },
        "timestamp": "2025-12-08T18:14:00.643146"
    },
    "curlAndUnzip:ncbi.tre": {
        "content": [
            "/Users/mm49/workspace/tol-it/nextflow/nf-test/nft-utils/.nf-test/tests/edfac76b3b8f0c4ecd3bd5cacb54bd53/dbs/ncbi.tre"
        ],
        "meta": {
            "nf-test": "0.8.4",
            "nextflow": "24.04.2"
        },
        "timestamp": "2025-12-08T18:15:22.913108"
    },
    "test curlAndUntar": {
        "content": [
            "hello.txt:md5,e59ff97941044f85df5297e1c302d260"
        ],
        "meta": {
            "nf-test": "0.8.4",
            "nextflow": "24.04.2"
        },
        "timestamp": "2025-12-08T18:08:36.000435"
    },
    "curlAndUnzip:ncbi.map": {
        "content": [
            "/Users/mm49/workspace/tol-it/nextflow/nf-test/nft-utils/.nf-test/tests/edfac76b3b8f0c4ecd3bd5cacb54bd53/dbs/ncbi.map"
        ],
        "meta": {
            "nf-test": "0.8.4",
            "nextflow": "24.04.2"
        },
        "timestamp": "2025-12-08T18:15:22.922001"
    }
}