{
    "Should run without failures": {
        "content": [
            [
                "a2112ea5e55a647ce81b27810d0d1070"
            ]
        ],
        "meta": {
            "nf-test": "0.9.0",
            "nextflow": "24.10.0"
        },
        "timestamp": "2024-10-28T14:22:04.02598768"
    }
}