{
    "removeFromYaml": {
        "content": [
            {
                "Workflow": {
                    "Pipeline": "1.0.0",
                    "Nextflow": "24.09.0-edge"
                }
            }
        ],
        "meta": {
            "nf-test": "0.9.0",
            "nextflow": "24.09.0"
        },
        "timestamp": "2024-10-07T13:00:09.562381"
    }
}