{
    "getAllFilesFromS3 with ignore filter": {
        "content": [
            [
                "annotation/deepvariant/NA12878/",
                "annotation/deepvariant/NA12878/NA12878.deepvariant.bcftools_filtered_VEP.ann.vcf.gz",
                "annotation/deepvariant/NA12878/NA12878.deepvariant.bcftools_filtered_snpEff.ann.vcf.gz",
                "annotation/freebayes/NA12878/",
                "annotation/freebayes/NA12878/NA12878.freebayes.filtered.bcftools_filtered_VEP.ann.vcf.gz",
                "annotation/freebayes/NA12878/NA12878.freebayes.filtered.bcftools_filtered_snpEff.ann.vcf.gz",
                "annotation/haplotypecaller/NA12878/",
                "annotation/haplotypecaller/NA12878/NA12878.haplotypecaller.filtered.bcftools_filtered_VEP.ann.vcf.gz",
                "annotation/haplotypecaller/NA12878/NA12878.haplotypecaller.filtered.bcftools_filtered_snpEff.ann.vcf.gz",
                "annotation/manta/NA12878/",
                "annotation/strelka/NA12878/",
                "annotation/strelka/NA12878/NA12878.strelka.variants.bcftools_filtered_VEP.ann.vcf.gz",
                "annotation/strelka/NA12878/NA12878.strelka.variants.bcftools_filtered_snpEff.ann.vcf.gz",
                "annotation/tiddit/NA12878/",
                "annotation/tiddit/NA12878/NA12878.tiddit_snpEff.ann.vcf.gz",
                "csv/",
                "csv/markduplicates.csv",
                "csv/markduplicates_no_table.csv",
                "csv/recalibrated.csv",
                "csv/variantcalled.csv",
                "multiqc/",
                "multiqc/multiqc_data/",
                "multiqc/multiqc_data/multiqc_data.json",
                "multiqc/multiqc_plots/",
                "multiqc/multiqc_plots/pdf/",
                "multiqc/multiqc_plots/png/",
                "multiqc/multiqc_plots/svg/",
                "multiqc_data/",
                "multiqc_data/multiqc_data.json",
                "multiqc_plots/",
                "multiqc_plots/pdf/",
                "multiqc_plots/png/",
                "multiqc_plots/svg/",
                "multiqc_report.html",
                "pipeline_info/",
                "pipeline_info/manifest_2026-02-13_11-00-55.bco.json",
                "pipeline_info/manifest_2026-03-27_07-28-20.bco.json",
                "pipeline_info/nf_core_sarek_software_mqc_versions.yml",
                "pipeline_info/params_2026-02-12_09-21-04.json",
                "pipeline_info/params_2026-02-13_11-02-45.json",
                "pipeline_info/params_2026-03-27_07-30-13.json",
                "pipeline_info/pipeline_dag_2026-02-12_09-19-32.html",
                "pipeline_info/pipeline_dag_2026-02-13_11-00-55.html",
                "pipeline_info/pipeline_dag_2026-03-27_07-28-20.html",
                "preprocessing/",
                "preprocessing/converted/cram_to_bam/NA12878/",
                "preprocessing/converted/cram_to_bam/NA12878/NA12878.bam",
                "preprocessing/converted/cram_to_bam/NA12878/NA12878.bam.bai",
                "preprocessing/markduplicates/NA12878/",
                "preprocessing/markduplicates/NA12878/NA12878.md.cram",
                "preprocessing/recal_table/NA12878/",
                "preprocessing/recalibrated/NA12878/",
                "preprocessing/recalibrated/NA12878/NA12878.recal.cram",
                "reference/",
                "reports/",
                "reports/EnsemblVEP/deepvariant/NA12878/",
                "reports/EnsemblVEP/freebayes/NA12878/",
                "reports/EnsemblVEP/haplotypecaller/NA12878/",
                "reports/EnsemblVEP/manta/NA12878/",
                "reports/EnsemblVEP/strelka/NA12878/",
                "reports/EnsemblVEP/tiddit/NA12878/",
                "reports/bcftools/deepvariant/NA12878/",
                "reports/bcftools/freebayes/NA12878/",
                "reports/bcftools/haplotypecaller/NA12878/",
                "reports/bcftools/manta/NA12878/",
                "reports/bcftools/strelka/NA12878/",
                "reports/bcftools/tiddit/NA12878/",
                "reports/fastp/NA12878/",
                "reports/fastqc/NA12878-1/",
                "reports/markduplicates/NA12878/",
                "reports/mosdepth/NA12878/",
                "reports/mosdepth/NA12878/NA12878.md.mosdepth.global.dist.txt",
                "reports/mosdepth/NA12878/NA12878.md.regions.bed.gz",
                "reports/mosdepth/NA12878/NA12878.recal.regions.bed.gz",
                "reports/samtools/NA12878/",
                "reports/snpeff/deepvariant/NA12878/",
                "reports/snpeff/freebayes/NA12878/",
                "reports/snpeff/haplotypecaller/NA12878/",
                "reports/snpeff/manta/NA12878/",
                "reports/snpeff/strelka/NA12878/",
                "reports/snpeff/tiddit/NA12878/",
                "reports/vcftools/deepvariant/NA12878/",
                "reports/vcftools/freebayes/NA12878/",
                "reports/vcftools/freebayes/NA12878/NA12878.freebayes.filtered.TsTv.qual",
                "reports/vcftools/haplotypecaller/NA12878/",
                "reports/vcftools/manta/NA12878/",
                "reports/vcftools/strelka/NA12878/",
                "reports/vcftools/tiddit/NA12878/",
                "variant_calling/",
                "variant_calling/cnvkit/NA12878/",
                "variant_calling/cnvkit/NA12878/NA12878-diagram.pdf",
                "variant_calling/cnvkit/NA12878/NA12878.cnr",
                "variant_calling/cnvkit/NA12878/NA12878.targetcoverage.cnn",
                "variant_calling/cnvkit/NA12878/reference.cnn",
                "variant_calling/cnvkit/NA12878/wgs_calling_regions_noseconds.hg38.target.bed",
                "variant_calling/deepvariant/NA12878/",
                "variant_calling/deepvariant/NA12878/NA12878.deepvariant.g.vcf.gz",
                "variant_calling/deepvariant/NA12878/NA12878.deepvariant.vcf.gz",
                "variant_calling/filtered/NA12878/",
                "variant_calling/filtered/NA12878/NA12878.deepvariant.bcftools_filtered.vcf.gz",
                "variant_calling/filtered/NA12878/NA12878.freebayes.filtered.bcftools_filtered.vcf.gz",
                "variant_calling/filtered/NA12878/NA12878.haplotypecaller.filtered.bcftools_filtered.vcf.gz",
                "variant_calling/filtered/NA12878/NA12878.strelka.variants.bcftools_filtered.vcf.gz",
                "variant_calling/freebayes/NA12878/",
                "variant_calling/freebayes/NA12878/NA12878.freebayes.filtered.vcf.gz",
                "variant_calling/freebayes/NA12878/NA12878.freebayes.vcf.gz",
                "variant_calling/haplotypecaller/NA12878/",
                "variant_calling/haplotypecaller/NA12878/NA12878.haplotypecaller.filtered.vcf.gz",
                "variant_calling/haplotypecaller/NA12878/NA12878.haplotypecaller.vcf.gz",
                "variant_calling/indexcov/",
                "variant_calling/indexcov/indexcov/",
                "variant_calling/manta/NA12878/",
                "variant_calling/strelka/NA12878/",
                "variant_calling/strelka/NA12878/NA12878.strelka.genome.vcf.gz",
                "variant_calling/strelka/NA12878/NA12878.strelka.variants.vcf.gz",
                "variant_calling/tiddit/NA12878/"
            ]
        ],
        "timestamp": "2026-05-19T18:26:50.590920595",
        "meta": {
            "nf-test": "0.9.5",
            "nextflow": "26.04.1"
        }
    },
    "getAllFilesFromS3": {
        "content": [
            [
                "annotation/deepvariant/NA12878/",
                "annotation/deepvariant/NA12878/NA12878.deepvariant.bcftools_filtered_VEP.ann.vcf.gz",
                "annotation/deepvariant/NA12878/NA12878.deepvariant.bcftools_filtered_snpEff.ann.vcf.gz",
                "annotation/freebayes/NA12878/",
                "annotation/freebayes/NA12878/NA12878.freebayes.filtered.bcftools_filtered_VEP.ann.vcf.gz",
                "annotation/freebayes/NA12878/NA12878.freebayes.filtered.bcftools_filtered_snpEff.ann.vcf.gz",
                "annotation/haplotypecaller/NA12878/",
                "annotation/haplotypecaller/NA12878/NA12878.haplotypecaller.filtered.bcftools_filtered_VEP.ann.vcf.gz",
                "annotation/haplotypecaller/NA12878/NA12878.haplotypecaller.filtered.bcftools_filtered_snpEff.ann.vcf.gz",
                "annotation/manta/NA12878/",
                "annotation/strelka/NA12878/",
                "annotation/strelka/NA12878/NA12878.strelka.variants.bcftools_filtered_VEP.ann.vcf.gz",
                "annotation/strelka/NA12878/NA12878.strelka.variants.bcftools_filtered_snpEff.ann.vcf.gz",
                "annotation/tiddit/NA12878/",
                "annotation/tiddit/NA12878/NA12878.tiddit_snpEff.ann.vcf.gz",
                "csv/",
                "csv/markduplicates.csv",
                "csv/markduplicates_no_table.csv",
                "csv/recalibrated.csv",
                "csv/variantcalled.csv",
                "multiqc/",
                "multiqc/multiqc_data/",
                "multiqc/multiqc_data/multiqc_data.json",
                "multiqc/multiqc_plots/",
                "multiqc/multiqc_plots/pdf/",
                "multiqc/multiqc_plots/png/",
                "multiqc/multiqc_plots/svg/",
                "multiqc_data/",
                "multiqc_data/multiqc_data.json",
                "multiqc_plots/",
                "multiqc_plots/pdf/",
                "multiqc_plots/png/",
                "multiqc_plots/svg/",
                "multiqc_report.html",
                "pipeline_info/",
                "pipeline_info/manifest_2026-02-13_11-00-55.bco.json",
                "pipeline_info/manifest_2026-03-27_07-28-20.bco.json",
                "pipeline_info/nf_core_sarek_software_mqc_versions.yml",
                "pipeline_info/params_2026-02-12_09-21-04.json",
                "pipeline_info/params_2026-02-13_11-02-45.json",
                "pipeline_info/params_2026-03-27_07-30-13.json",
                "pipeline_info/pipeline_dag_2026-02-12_09-19-32.html",
                "pipeline_info/pipeline_dag_2026-02-13_11-00-55.html",
                "pipeline_info/pipeline_dag_2026-03-27_07-28-20.html",
                "preprocessing/",
                "preprocessing/converted/cram_to_bam/NA12878/",
                "preprocessing/converted/cram_to_bam/NA12878/NA12878.bam",
                "preprocessing/converted/cram_to_bam/NA12878/NA12878.bam.bai",
                "preprocessing/markduplicates/NA12878/",
                "preprocessing/markduplicates/NA12878/NA12878.md.cram",
                "preprocessing/recal_table/NA12878/",
                "preprocessing/recalibrated/NA12878/",
                "preprocessing/recalibrated/NA12878/NA12878.recal.cram",
                "reference/",
                "reports/",
                "reports/EnsemblVEP/deepvariant/NA12878/",
                "reports/EnsemblVEP/freebayes/NA12878/",
                "reports/EnsemblVEP/haplotypecaller/NA12878/",
                "reports/EnsemblVEP/manta/NA12878/",
                "reports/EnsemblVEP/strelka/NA12878/",
                "reports/EnsemblVEP/tiddit/NA12878/",
                "reports/bcftools/deepvariant/NA12878/",
                "reports/bcftools/freebayes/NA12878/",
                "reports/bcftools/haplotypecaller/NA12878/",
                "reports/bcftools/manta/NA12878/",
                "reports/bcftools/strelka/NA12878/",
                "reports/bcftools/tiddit/NA12878/",
                "reports/fastp/NA12878/",
                "reports/fastqc/NA12878-1/",
                "reports/markduplicates/NA12878/",
                "reports/mosdepth/NA12878/",
                "reports/mosdepth/NA12878/NA12878.md.mosdepth.global.dist.txt",
                "reports/mosdepth/NA12878/NA12878.md.regions.bed.gz",
                "reports/mosdepth/NA12878/NA12878.recal.regions.bed.gz",
                "reports/samtools/NA12878/",
                "reports/snpeff/deepvariant/NA12878/",
                "reports/snpeff/freebayes/NA12878/",
                "reports/snpeff/haplotypecaller/NA12878/",
                "reports/snpeff/manta/NA12878/",
                "reports/snpeff/strelka/NA12878/",
                "reports/snpeff/tiddit/NA12878/",
                "reports/vcftools/deepvariant/NA12878/",
                "reports/vcftools/freebayes/NA12878/",
                "reports/vcftools/freebayes/NA12878/NA12878.freebayes.filtered.TsTv.qual",
                "reports/vcftools/haplotypecaller/NA12878/",
                "reports/vcftools/manta/NA12878/",
                "reports/vcftools/strelka/NA12878/",
                "reports/vcftools/tiddit/NA12878/",
                "variant_calling/",
                "variant_calling/cnvkit/NA12878/",
                "variant_calling/cnvkit/NA12878/NA12878-diagram.pdf",
                "variant_calling/cnvkit/NA12878/NA12878.cnr",
                "variant_calling/cnvkit/NA12878/NA12878.targetcoverage.cnn",
                "variant_calling/cnvkit/NA12878/reference.cnn",
                "variant_calling/cnvkit/NA12878/wgs_calling_regions_noseconds.hg38.target.bed",
                "variant_calling/deepvariant/NA12878/",
                "variant_calling/deepvariant/NA12878/NA12878.deepvariant.g.vcf.gz",
                "variant_calling/deepvariant/NA12878/NA12878.deepvariant.vcf.gz",
                "variant_calling/filtered/NA12878/",
                "variant_calling/filtered/NA12878/NA12878.deepvariant.bcftools_filtered.vcf.gz",
                "variant_calling/filtered/NA12878/NA12878.freebayes.filtered.bcftools_filtered.vcf.gz",
                "variant_calling/filtered/NA12878/NA12878.haplotypecaller.filtered.bcftools_filtered.vcf.gz",
                "variant_calling/filtered/NA12878/NA12878.strelka.variants.bcftools_filtered.vcf.gz",
                "variant_calling/freebayes/NA12878/",
                "variant_calling/freebayes/NA12878/NA12878.freebayes.filtered.vcf.gz",
                "variant_calling/freebayes/NA12878/NA12878.freebayes.vcf.gz",
                "variant_calling/haplotypecaller/NA12878/",
                "variant_calling/haplotypecaller/NA12878/NA12878.haplotypecaller.filtered.vcf.gz",
                "variant_calling/haplotypecaller/NA12878/NA12878.haplotypecaller.vcf.gz",
                "variant_calling/indexcov/",
                "variant_calling/indexcov/indexcov/",
                "variant_calling/manta/NA12878/",
                "variant_calling/strelka/NA12878/",
                "variant_calling/strelka/NA12878/NA12878.strelka.genome.vcf.gz",
                "variant_calling/strelka/NA12878/NA12878.strelka.variants.vcf.gz",
                "variant_calling/tiddit/NA12878/"
            ]
        ],
        "timestamp": "2026-05-19T19:25:51.154517278",
        "meta": {
            "nf-test": "0.9.5",
            "nextflow": "26.04.1"
        }
    },
    "getAllFilesFromS3 with include filter": {
        "content": [
            [
                "variant_calling/cnvkit/NA12878/",
                "variant_calling/cnvkit/NA12878/NA12878-diagram.pdf",
                "variant_calling/cnvkit/NA12878/NA12878.cnr",
                "variant_calling/cnvkit/NA12878/NA12878.targetcoverage.cnn",
                "variant_calling/cnvkit/NA12878/reference.cnn",
                "variant_calling/cnvkit/NA12878/wgs_calling_regions_noseconds.hg38.target.bed",
                "variant_calling/deepvariant/NA12878/",
                "variant_calling/deepvariant/NA12878/NA12878.deepvariant.g.vcf.gz",
                "variant_calling/deepvariant/NA12878/NA12878.deepvariant.vcf.gz",
                "variant_calling/filtered/NA12878/",
                "variant_calling/filtered/NA12878/NA12878.deepvariant.bcftools_filtered.vcf.gz",
                "variant_calling/filtered/NA12878/NA12878.freebayes.filtered.bcftools_filtered.vcf.gz",
                "variant_calling/filtered/NA12878/NA12878.haplotypecaller.filtered.bcftools_filtered.vcf.gz",
                "variant_calling/filtered/NA12878/NA12878.strelka.variants.bcftools_filtered.vcf.gz",
                "variant_calling/freebayes/NA12878/",
                "variant_calling/freebayes/NA12878/NA12878.freebayes.filtered.vcf.gz",
                "variant_calling/freebayes/NA12878/NA12878.freebayes.vcf.gz",
                "variant_calling/haplotypecaller/NA12878/",
                "variant_calling/haplotypecaller/NA12878/NA12878.haplotypecaller.filtered.vcf.gz",
                "variant_calling/haplotypecaller/NA12878/NA12878.haplotypecaller.vcf.gz",
                "variant_calling/indexcov/",
                "variant_calling/indexcov/indexcov/",
                "variant_calling/manta/NA12878/",
                "variant_calling/strelka/NA12878/",
                "variant_calling/strelka/NA12878/NA12878.strelka.genome.vcf.gz",
                "variant_calling/strelka/NA12878/NA12878.strelka.variants.vcf.gz",
                "variant_calling/tiddit/NA12878/"
            ]
        ],
        "timestamp": "2026-05-19T18:27:03.132658126",
        "meta": {
            "nf-test": "0.9.5",
            "nextflow": "26.04.1"
        }
    }
}