{
    "Default sanitize output - with tableMD5Keys": {
        "content": [
            "path,sample,value\nfiles.py,B,2.000021\nfolder,A,1.034013\ntest.txt,C,3.046136\n",
            "path,sample,value\nfiles.py,B,2.0\nfolder,A,1.034\ntest.txt,C,3.0461\n",
            "path,sample,value\nfiles.py,B,2.0\nfolder,A,1.03\ntest.txt,C,3.05\n",
            {
                "normalized": [
                    [
                        {
                            "id": "test"
                        },
                        "test.txt:md5NormedTable,3cc6189a86694164ef0823f0d79cce1e",
                        "test.tsv:md5NormedTable,3cc6189a86694164ef0823f0d79cce1e",
                        "test.csv:md5NormedTable,3cc6189a86694164ef0823f0d79cce1e"
                    ]
                ],
                "not_normalize": [
                    [
                        {
                            "id": "test"
                        },
                        "test.txt:md5,1e7668ff39b42270cace425dee8e90ba",
                        "test.tsv:md5,dde78abef7864bc1887d3fb43b1d9f1d",
                        "test.csv:md5,c18fb55c304d2c4fbb02d643ee15998c"
                    ]
                ]
            }
        ],
        "timestamp": "2026-09-16T10:05:44.96018299",
        "meta": {
            "nf-test": "0.9.5",
            "nextflow": "26.04.6"
        }
    }
}