{
    "getAllFilesFromDir": {
        "content": [
            [
                "stable_content.txt",
                "stable_name.txt"
            ],
            [
                "stable_content.txt:md5,f6d73f703cda1c725ea78369a6c3a48d"
            ]
        ],
        "meta": {
            "nf-test": "0.9.0",
            "nextflow": "24.04.4"
        },
        "timestamp": "2024-09-30T10:55:42.424751"
    }
}