{
    "Capture stdout, stderr and both when failure": {
        "content": [
            [
                "N E X T F L O W  ~  version 25.04.6",
                "Launching `[PATH]/tests/filterNextflowOutput/./main.nf` [RUN_NAME] DSL2 - revision: [REVISION]",
                "\u001b[2m----------------------------------------------------\u001b[0m-",
                "                                        \u001b[0;32m,--.\u001b[0;30m/\u001b[0;32m,-.\u001b[0m",
                "\u001b[0;34m        ___     __   __   __   ___     \u001b[0;32m/,-._.--~'\u001b[0m",
                "\u001b[0;34m  |\\ | |__  __ /  ` /  \\ |__) |__         \u001b[0;33m}  {\u001b[0m",
                "\u001b[0;34m  | \\| |       \\__, \\__/ |  \\ |___     \u001b[0;32m\\`-._,-`-,\u001b[0m",
                "                                        \u001b[0;32m`._,._,'\u001b[0m",
                "\u001b[0;37m      ____\u001b[0m",
                "\u001b[0;37m    .\u00b4 _  `.\u001b[0m",
                "\u001b[0;37m   /  \u001b[0;32m|\\\u001b[0m`-_ \\\u001b[0m     \u001b[0;34m __        __   ___     \u001b[0m",
                "\u001b[0;37m  |   \u001b[0;32m| \\\u001b[0m  `-|\u001b[0m    \u001b[0;34m|__`  /\\  |__) |__  |__/\u001b[0m",
                "\u001b[0;37m   \\ \u001b[0;32m|   \\\u001b[0m  /\u001b[0m     \u001b[0;34m.__| /\u00af\u00af\\ |  \\ |___ |  \\\u001b[0m",
                "\u001b[0;37m    `\u001b[0;32m|\u001b[0m____\u001b[0;32m\\\u001b[0m\u00b4\u001b[0m",
                "-\u001b[2m----------------------------------------------------\u001b[0m-",
                "nf-core/pipeline1: [VERSION]",
                "nf-core/pipeline2: [VERSION]",
                "nf-core/pipeline3: [VERSION]",
                "nf-core/pipeline4: [VERSION]",
                "outdir: results",
                "HOME: [PATH]",
                "NFT_WORKDIR: [PATH]",
                "NXF_CACHE_DIR: null",
                "NXF_CONDA_CACHEDIR: null",
                "NXF_HOME: [PATH]",
                "NXF_SINGULARITY_CACHEDIR: [PATH]",
                "NXF_TEMP: null",
                "NXF_WORK: null",
                "println message",
                "\u001b[0;34mlog.info message\u001b[0m",
                "println with path: [PATH]/.nf-test/tests/[NFT_HASH]/results/test.txt",
                "\u001b[0;34mlog.info with path: [PATH]/.nf-test/tests/[NFT_HASH]/results/test.txt\u001b[0m",
                "\u001b[1;31mError with path: [PATH]/.nf-test/tests/[NFT_HASH]/results/test.txt\u001b[0m",
                " -- Check '[PATH]/.nf-test/tests/[NFT_HASH]/meta/nextflow.log' file for details",
                "ERROR ~ \u001b[0;31mlog.error message\u001b[0m",
                "ERROR ~ \u001b[0;31mlog.error with path: [PATH]/.nf-test/tests/[NFT_HASH]/results/test.txt\u001b[0m",
                "WARN: \u001b[0;33mlog.warn message\u001b[0m",
                "WARN: \u001b[0;33mlog.warn with path: [PATH]/.nf-test/tests/[NFT_HASH]/results/test.txt\u001b[0m"
            ],
            [
                "\u001b[1;31mSystem error with path: [PATH]/.nf-test/tests/[NFT_HASH]/results/test.txt\u001b[0m",
                "\u001b[1;31mSystem error message\u001b[0m"
            ],
            [
                "N E X T F L O W  ~  version 25.04.6",
                "Launching `[PATH]/tests/filterNextflowOutput/./main.nf` [RUN_NAME] DSL2 - revision: [REVISION]",
                "\u001b[2m----------------------------------------------------\u001b[0m-",
                "                                        \u001b[0;32m,--.\u001b[0;30m/\u001b[0;32m,-.\u001b[0m",
                "\u001b[0;34m        ___     __   __   __   ___     \u001b[0;32m/,-._.--~'\u001b[0m",
                "\u001b[0;34m  |\\ | |__  __ /  ` /  \\ |__) |__         \u001b[0;33m}  {\u001b[0m",
                "\u001b[0;34m  | \\| |       \\__, \\__/ |  \\ |___     \u001b[0;32m\\`-._,-`-,\u001b[0m",
                "                                        \u001b[0;32m`._,._,'\u001b[0m",
                "\u001b[0;37m      ____\u001b[0m",
                "\u001b[0;37m    .\u00b4 _  `.\u001b[0m",
                "\u001b[0;37m   /  \u001b[0;32m|\\\u001b[0m`-_ \\\u001b[0m     \u001b[0;34m __        __   ___     \u001b[0m",
                "\u001b[0;37m  |   \u001b[0;32m| \\\u001b[0m  `-|\u001b[0m    \u001b[0;34m|__`  /\\  |__) |__  |__/\u001b[0m",
                "\u001b[0;37m   \\ \u001b[0;32m|   \\\u001b[0m  /\u001b[0m     \u001b[0;34m.__| /\u00af\u00af\\ |  \\ |___ |  \\\u001b[0m",
                "\u001b[0;37m    `\u001b[0;32m|\u001b[0m____\u001b[0;32m\\\u001b[0m\u00b4\u001b[0m",
                "-\u001b[2m----------------------------------------------------\u001b[0m-",
                "nf-core/pipeline1: [VERSION]",
                "nf-core/pipeline2: [VERSION]",
                "nf-core/pipeline3: [VERSION]",
                "nf-core/pipeline4: [VERSION]",
                "outdir: results",
                "HOME: [PATH]",
                "NFT_WORKDIR: [PATH]",
                "NXF_CACHE_DIR: null",
                "NXF_CONDA_CACHEDIR: null",
                "NXF_HOME: [PATH]",
                "NXF_SINGULARITY_CACHEDIR: [PATH]",
                "NXF_TEMP: null",
                "NXF_WORK: null",
                "println message",
                "\u001b[0;34mlog.info message\u001b[0m",
                "println with path: [PATH]/.nf-test/tests/[NFT_HASH]/results/test.txt",
                "\u001b[0;34mlog.info with path: [PATH]/.nf-test/tests/[NFT_HASH]/results/test.txt\u001b[0m",
                "\u001b[1;31mError with path: [PATH]/.nf-test/tests/[NFT_HASH]/results/test.txt\u001b[0m",
                "\u001b[1;31mSystem error with path: [PATH]/.nf-test/tests/[NFT_HASH]/results/test.txt\u001b[0m",
                "\u001b[1;31mSystem error message\u001b[0m",
                " -- Check '[PATH]/.nf-test/tests/[NFT_HASH]/meta/nextflow.log' file for details",
                "ERROR ~ \u001b[0;31mlog.error message\u001b[0m",
                "ERROR ~ \u001b[0;31mlog.error with path: [PATH]/.nf-test/tests/[NFT_HASH]/results/test.txt\u001b[0m",
                "WARN: \u001b[0;33mlog.warn message\u001b[0m",
                "WARN: \u001b[0;33mlog.warn with path: [PATH]/.nf-test/tests/[NFT_HASH]/results/test.txt\u001b[0m"
            ]
        ],
        "meta": {
            "nf-test": "0.9.2",
            "nextflow": "25.04.6"
        },
        "timestamp": "2025-09-03T13:07:47.431325897"
    },
    "Capture stderr only": {
        "content": [
            [
                
            ]
        ],
        "meta": {
            "nf-test": "0.9.2",
            "nextflow": "25.04.6"
        },
        "timestamp": "2025-09-03T12:08:37.687964135"
    },
    "Capture both stdout and stderr": {
        "content": [
            [
                "N E X T F L O W  ~  version 25.04.6",
                "Launching `[PATH]/tests/filterNextflowOutput/./main.nf` [RUN_NAME] DSL2 - revision: [REVISION]",
                "\u001b[2m----------------------------------------------------\u001b[0m-",
                "                                        \u001b[0;32m,--.\u001b[0;30m/\u001b[0;32m,-.\u001b[0m",
                "\u001b[0;34m        ___     __   __   __   ___     \u001b[0;32m/,-._.--~'\u001b[0m",
                "\u001b[0;34m  |\\ | |__  __ /  ` /  \\ |__) |__         \u001b[0;33m}  {\u001b[0m",
                "\u001b[0;34m  | \\| |       \\__, \\__/ |  \\ |___     \u001b[0;32m\\`-._,-`-,\u001b[0m",
                "                                        \u001b[0;32m`._,._,'\u001b[0m",
                "\u001b[0;37m      ____\u001b[0m",
                "\u001b[0;37m    .\u00b4 _  `.\u001b[0m",
                "\u001b[0;37m   /  \u001b[0;32m|\\\u001b[0m`-_ \\\u001b[0m     \u001b[0;34m __        __   ___     \u001b[0m",
                "\u001b[0;37m  |   \u001b[0;32m| \\\u001b[0m  `-|\u001b[0m    \u001b[0;34m|__`  /\\  |__) |__  |__/\u001b[0m",
                "\u001b[0;37m   \\ \u001b[0;32m|   \\\u001b[0m  /\u001b[0m     \u001b[0;34m.__| /\u00af\u00af\\ |  \\ |___ |  \\\u001b[0m",
                "\u001b[0;37m    `\u001b[0;32m|\u001b[0m____\u001b[0;32m\\\u001b[0m\u00b4\u001b[0m",
                "-\u001b[2m----------------------------------------------------\u001b[0m-",
                "nf-core/pipeline1: [VERSION]",
                "nf-core/pipeline2: [VERSION]",
                "nf-core/pipeline3: [VERSION]",
                "nf-core/pipeline4: [VERSION]",
                "outdir: results",
                "HOME: [PATH]",
                "NFT_WORKDIR: [PATH]",
                "NXF_CACHE_DIR: null",
                "NXF_CONDA_CACHEDIR: null",
                "NXF_HOME: [PATH]",
                "NXF_SINGULARITY_CACHEDIR: [PATH]",
                "NXF_TEMP: null",
                "NXF_WORK: null",
                "println message",
                "\u001b[0;34mlog.info message\u001b[0m",
                "println with path: [PATH]/.nf-test/tests/[NFT_HASH]/results/test.txt",
                "\u001b[0;34mlog.info with path: [PATH]/.nf-test/tests/[NFT_HASH]/results/test.txt\u001b[0m",
                " -- Check '[PATH]/.nf-test/tests/[NFT_HASH]/meta/nextflow.log' file for details",
                "ERROR ~ \u001b[0;31mlog.error message\u001b[0m",
                "ERROR ~ \u001b[0;31mlog.error with path: [PATH]/.nf-test/tests/[NFT_HASH]/results/test.txt\u001b[0m",
                "WARN: \u001b[0;33mlog.warn message\u001b[0m",
                "WARN: \u001b[0;33mlog.warn with path: [PATH]/.nf-test/tests/[NFT_HASH]/results/test.txt\u001b[0m",
                "[NXF_HASH] Submitted process > FASTQC (sample_1)",
                "[NXF_HASH] Submitted process > FASTQC (sample_2)",
                "[NXF_HASH] Submitted process > FASTQC (sample_3)"
            ]
        ],
        "meta": {
            "nf-test": "0.9.2",
            "nextflow": "25.04.6"
        },
        "timestamp": "2025-09-03T13:07:43.839607395"
    },
    "Capture stdout only": {
        "content": [
            [
                "N E X T F L O W  ~  version 25.04.6",
                "Launching `[PATH]/tests/filterNextflowOutput/./main.nf` [RUN_NAME] DSL2 - revision: [REVISION]",
                "\u001b[2m----------------------------------------------------\u001b[0m-",
                "                                        \u001b[0;32m,--.\u001b[0;30m/\u001b[0;32m,-.\u001b[0m",
                "\u001b[0;34m        ___     __   __   __   ___     \u001b[0;32m/,-._.--~'\u001b[0m",
                "\u001b[0;34m  |\\ | |__  __ /  ` /  \\ |__) |__         \u001b[0;33m}  {\u001b[0m",
                "\u001b[0;34m  | \\| |       \\__, \\__/ |  \\ |___     \u001b[0;32m\\`-._,-`-,\u001b[0m",
                "                                        \u001b[0;32m`._,._,'\u001b[0m",
                "\u001b[0;37m      ____\u001b[0m",
                "\u001b[0;37m    .\u00b4 _  `.\u001b[0m",
                "\u001b[0;37m   /  \u001b[0;32m|\\\u001b[0m`-_ \\\u001b[0m     \u001b[0;34m __        __   ___     \u001b[0m",
                "\u001b[0;37m  |   \u001b[0;32m| \\\u001b[0m  `-|\u001b[0m    \u001b[0;34m|__`  /\\  |__) |__  |__/\u001b[0m",
                "\u001b[0;37m   \\ \u001b[0;32m|   \\\u001b[0m  /\u001b[0m     \u001b[0;34m.__| /\u00af\u00af\\ |  \\ |___ |  \\\u001b[0m",
                "\u001b[0;37m    `\u001b[0;32m|\u001b[0m____\u001b[0;32m\\\u001b[0m\u00b4\u001b[0m",
                "-\u001b[2m----------------------------------------------------\u001b[0m-",
                "nf-core/pipeline1: [VERSION]",
                "nf-core/pipeline2: [VERSION]",
                "nf-core/pipeline3: [VERSION]",
                "nf-core/pipeline4: [VERSION]",
                "outdir: results",
                "HOME: [PATH]",
                "NFT_WORKDIR: [PATH]",
                "NXF_CACHE_DIR: null",
                "NXF_CONDA_CACHEDIR: null",
                "NXF_HOME: [PATH]",
                "NXF_SINGULARITY_CACHEDIR: [PATH]",
                "NXF_TEMP: null",
                "NXF_WORK: null",
                "println message",
                "\u001b[0;34mlog.info message\u001b[0m",
                "println with path: [PATH]/.nf-test/tests/[NFT_HASH]/results/test.txt",
                "\u001b[0;34mlog.info with path: [PATH]/.nf-test/tests/[NFT_HASH]/results/test.txt\u001b[0m",
                " -- Check '[PATH]/.nf-test/tests/[NFT_HASH]/meta/nextflow.log' file for details",
                "ERROR ~ \u001b[0;31mlog.error message\u001b[0m",
                "ERROR ~ \u001b[0;31mlog.error with path: [PATH]/.nf-test/tests/[NFT_HASH]/results/test.txt\u001b[0m",
                "WARN: \u001b[0;33mlog.warn message\u001b[0m",
                "WARN: \u001b[0;33mlog.warn with path: [PATH]/.nf-test/tests/[NFT_HASH]/results/test.txt\u001b[0m",
                "[NXF_HASH] Submitted process > FASTQC (sample_1)",
                "[NXF_HASH] Submitted process > FASTQC (sample_2)",
                "[NXF_HASH] Submitted process > FASTQC (sample_3)"
            ]
        ],
        "meta": {
            "nf-test": "0.9.2",
            "nextflow": "25.04.6"
        },
        "timestamp": "2025-09-03T13:07:35.368885788"
    }
}